<html>
<body>
<pre>
<h1>µVision Build Log</h1>
<h2>Project:</h2>
C:\Users\Dhruv Sandesara\Desktop\ee445l\labs\Lab2\Lab2.uvproj
Project File Date:  02/05/2018

<h2>Output:</h2>
Rebuild target 'ADCSWTrigger'
assembling startup.s...
compiling ADCSWTrigger.c...
compiling ADCTestMain.c...
ADCTestMain.c(100): warning:  #550-D: variable "time_difference" was set but never used
        int time_difference;
ADCTestMain.c(101): warning:  #550-D: variable "ADC_difference" was set but never used
        int ADC_difference;
ADCTestMain.c: 2 warnings, 0 errors
compiling PLL.c...
compiling ST7735.c...
linking...
Program Size: Code=2164 RO-data=32 RW-data=16 ZI-data=9120  
".\ADCSWTrigger.axf" - 0 Error(s), 2 Warning(s).
Load "C:\\Users\\Dhruv Sandesara\\Desktop\\ee445l\\labs\\Lab2\\ADCSWTrigger.axf" 
Connecting: Mode=JTAG, Speed=1000000Hz
Connection failed!, error code=&d
Error: Flash Download failed  -  Target DLL has been cancelled
Load "C:\\Users\\Dhruv Sandesara\\Desktop\\ee445l\\labs\\Lab2\\ADCSWTrigger.axf" 
Connecting: Mode=JTAG, Speed=1000000Hz
Erase Done.
Programming Done.
Verify OK.
</pre>
</body>
</html>
